clientFTP working directory: /home/a1ka/Bureau/UGA/SR/FTP_Projet/data_client
Redirection vers le slave 2 (a1ka-LOQ-15IAX9:3002)
Connected to a1ka-LOQ-15IAX9:3002.
FTP >>> demo_q15_seed.txt
test2
demo_q16_upload.txt
demo_q8_q9.bin
list_seed.txt
test1
demo_q10_resume.bin
Transfert_q6
demo_q1_q7.txt
demo_q14_reconnect.bin
FTP >>> Authentication successful.
FTP >>> File 'demo_q16_upload.txt' removed.
FTP >>> demo_q15_seed.txt
test2
demo_q8_q9.bin
list_seed.txt
test1
demo_q10_resume.bin
Transfert_q6
demo_q1_q7.txt
demo_q14_reconnect.bin
FTP >>> Bye!
